// Jest Snapshot v1, https://goo.gl/fbAQLP

exports[`SearchPageWithList matches snapshot 1`] = `
<Page
  description="SearchPage.schemaDescription"
  schema={
    Object {
      "@context": "http://schema.org",
      "@type": "SearchResultsPage",
      "description": "SearchPage.schemaDescription",
      "mainEntity": Array [
        "{\\"@type\\":\\"ItemList\\",\\"name\\":\\"SearchPage.schemaForSearch\\",\\"itemListOrder\\":\\"http://schema.org/ItemListOrderAscending\\",\\"itemListElement\\":[]}",
      ],
      "name": "SearchPage.schemaTitle",
    }
  }
  scrollingDisabled={false}
  title="SearchPage.schemaTitle"
>
  <withRouter(Connect(TopbarContainerComponent))
    className="topbar"
    currentPage="SearchPage"
    currentSearchParams={Object {}}
  />
  <div
    className="layoutWrapperContainer"
  >
    <aside
      className="layoutWrapperFilterColumn"
    >
      <div
        className="filterColumnContent"
      >
        <FilterComponent
          className="filter"
          filterConfig={
            Object {
              "config": Object {
                "options": Array [
                  Object {
                    "key": "men",
                    "label": "Men",
                  },
                  Object {
                    "key": "women",
                    "label": "Women",
                  },
                  Object {
                    "key": "kids",
                    "label": "Kids",
                  },
                ],
                "schemaType": "enum",
              },
              "group": "primary",
              "id": "category",
              "label": "Category",
              "queryParamNames": Array [
                "pub_category",
              ],
              "type": "SelectSingleFilter",
            }
          }
          getHandleChangedValueFn={[Function]}
          idPrefix="SearchFiltersMobile"
          initialValues={[Function]}
          isDesktop={true}
          key="SearchFiltersMobile.category"
          liveEdit={true}
          showAsPopup={false}
          urlQueryParams={Object {}}
        />
        <FilterComponent
          className="filter"
          filterConfig={
            Object {
              "config": Object {
                "options": Array [
                  Object {
                    "key": "4",
                    "label": "4",
                  },
                  Object {
                    "key": "5",
                    "label": "5",
                  },
                  Object {
                    "key": "6",
                    "label": "6",
                  },
                  Object {
                    "key": "7",
                    "label": "7",
                  },
                  Object {
                    "key": "8",
                    "label": "8",
                  },
                  Object {
                    "key": "9",
                    "label": "9",
                  },
                  Object {
                    "key": "10",
                    "label": "10",
                  },
                  Object {
                    "key": "11",
                    "label": "11",
                  },
                  Object {
                    "key": "12",
                    "label": "12",
                  },
                ],
                "schemaType": "enum",
              },
              "group": "primary",
              "id": "size",
              "label": "Size (US)",
              "queryParamNames": Array [
                "pub_size",
              ],
              "type": "SelectMultipleFilter",
            }
          }
          getHandleChangedValueFn={[Function]}
          idPrefix="SearchFiltersMobile"
          initialValues={[Function]}
          isDesktop={true}
          key="SearchFiltersMobile.size"
          liveEdit={true}
          showAsPopup={false}
          urlQueryParams={Object {}}
        />
        <FilterComponent
          className="filter"
          filterConfig={
            Object {
              "config": Object {
                "options": Array [
                  Object {
                    "key": "adidas",
                    "label": "Adidas",
                  },
                  Object {
                    "key": "air_jordan",
                    "label": "Air Jordan",
                  },
                  Object {
                    "key": "converse",
                    "label": "Converse",
                  },
                  Object {
                    "key": "new_balance",
                    "label": "New Balance",
                  },
                  Object {
                    "key": "nike",
                    "label": "Nike",
                  },
                  Object {
                    "key": "puma",
                    "label": "Puma",
                  },
                  Object {
                    "key": "ultraboost",
                    "label": "Ultraboost",
                  },
                  Object {
                    "key": "vans",
                    "label": "Vans",
                  },
                  Object {
                    "key": "yeezy",
                    "label": "Yeezy",
                  },
                  Object {
                    "key": "other",
                    "label": "Other",
                  },
                ],
                "schemaType": "enum",
              },
              "group": "primary",
              "id": "brand",
              "label": "Brand",
              "queryParamNames": Array [
                "pub_brand",
              ],
              "type": "SelectMultipleFilter",
            }
          }
          getHandleChangedValueFn={[Function]}
          idPrefix="SearchFiltersMobile"
          initialValues={[Function]}
          isDesktop={true}
          key="SearchFiltersMobile.brand"
          liveEdit={true}
          showAsPopup={false}
          urlQueryParams={Object {}}
        />
        <FilterComponent
          className="filter"
          filterConfig={
            Object {
              "config": Object {
                "max": 1000,
                "min": 0,
                "step": 5,
              },
              "group": "primary",
              "id": "price",
              "label": "Price",
              "queryParamNames": Array [
                "price",
              ],
              "type": "PriceFilter",
            }
          }
          getHandleChangedValueFn={[Function]}
          idPrefix="SearchFiltersMobile"
          initialValues={[Function]}
          isDesktop={true}
          key="SearchFiltersMobile.price"
          liveEdit={true}
          showAsPopup={false}
          urlQueryParams={Object {}}
        />
        <button
          className="resetAllButton"
          onClick={[Function]}
        >
          <MemoizedFormattedMessage
            id="SearchFiltersMobile.resetAll"
          />
        </button>
      </div>
    </aside>
    <div
      className="layoutWrapperMain"
      role="main"
    >
      <div
        className="searchResultContainer"
      >
        <injectIntl(withRouter(SearchFiltersMobileComponent))
          className="searchFiltersMobileList"
          isMapVariant={false}
          listingsAreLoaded={true}
          noResultsInfo={null}
          onCloseModal={[Function]}
          onManageDisableScrolling={[Function]}
          onMapIconClick={[Function]}
          onOpenModal={[Function]}
          resetAll={[Function]}
          resultsCount={22}
          searchInProgress={false}
          searchListingsError={null}
          selectedFiltersCount={0}
          showAsModalMaxWidth={768}
          sortByComponent={
            <injectIntl(SortBy)
              contentPlacementOffset={-14}
              hasConflictingFilters={false}
              isConflictingFilterActive={false}
              menuLabelRootClassName="sortByMenuLabel"
              onSelect={[Function]}
              rootClassName="sortBy"
              selectedFilters={Object {}}
              showAsPopup={true}
            />
          }
          urlQueryParams={Object {}}
        >
          <FilterComponent
            filterConfig={
              Object {
                "config": Object {
                  "options": Array [
                    Object {
                      "key": "men",
                      "label": "Men",
                    },
                    Object {
                      "key": "women",
                      "label": "Women",
                    },
                    Object {
                      "key": "kids",
                      "label": "Kids",
                    },
                  ],
                  "schemaType": "enum",
                },
                "group": "primary",
                "id": "category",
                "label": "Category",
                "queryParamNames": Array [
                  "pub_category",
                ],
                "type": "SelectSingleFilter",
              }
            }
            getHandleChangedValueFn={[Function]}
            idPrefix="SearchFiltersMobile"
            initialValues={[Function]}
            key="SearchFiltersMobile.category"
            liveEdit={true}
            showAsPopup={false}
            urlQueryParams={Object {}}
          />
          <FilterComponent
            filterConfig={
              Object {
                "config": Object {
                  "options": Array [
                    Object {
                      "key": "4",
                      "label": "4",
                    },
                    Object {
                      "key": "5",
                      "label": "5",
                    },
                    Object {
                      "key": "6",
                      "label": "6",
                    },
                    Object {
                      "key": "7",
                      "label": "7",
                    },
                    Object {
                      "key": "8",
                      "label": "8",
                    },
                    Object {
                      "key": "9",
                      "label": "9",
                    },
                    Object {
                      "key": "10",
                      "label": "10",
                    },
                    Object {
                      "key": "11",
                      "label": "11",
                    },
                    Object {
                      "key": "12",
                      "label": "12",
                    },
                  ],
                  "schemaType": "enum",
                },
                "group": "primary",
                "id": "size",
                "label": "Size (US)",
                "queryParamNames": Array [
                  "pub_size",
                ],
                "type": "SelectMultipleFilter",
              }
            }
            getHandleChangedValueFn={[Function]}
            idPrefix="SearchFiltersMobile"
            initialValues={[Function]}
            key="SearchFiltersMobile.size"
            liveEdit={true}
            showAsPopup={false}
            urlQueryParams={Object {}}
          />
          <FilterComponent
            filterConfig={
              Object {
                "config": Object {
                  "options": Array [
                    Object {
                      "key": "adidas",
                      "label": "Adidas",
                    },
                    Object {
                      "key": "air_jordan",
                      "label": "Air Jordan",
                    },
                    Object {
                      "key": "converse",
                      "label": "Converse",
                    },
                    Object {
                      "key": "new_balance",
                      "label": "New Balance",
                    },
                    Object {
                      "key": "nike",
                      "label": "Nike",
                    },
                    Object {
                      "key": "puma",
                      "label": "Puma",
                    },
                    Object {
                      "key": "ultraboost",
                      "label": "Ultraboost",
                    },
                    Object {
                      "key": "vans",
                      "label": "Vans",
                    },
                    Object {
                      "key": "yeezy",
                      "label": "Yeezy",
                    },
                    Object {
                      "key": "other",
                      "label": "Other",
                    },
                  ],
                  "schemaType": "enum",
                },
                "group": "primary",
                "id": "brand",
                "label": "Brand",
                "queryParamNames": Array [
                  "pub_brand",
                ],
                "type": "SelectMultipleFilter",
              }
            }
            getHandleChangedValueFn={[Function]}
            idPrefix="SearchFiltersMobile"
            initialValues={[Function]}
            key="SearchFiltersMobile.brand"
            liveEdit={true}
            showAsPopup={false}
            urlQueryParams={Object {}}
          />
          <FilterComponent
            filterConfig={
              Object {
                "config": Object {
                  "max": 1000,
                  "min": 0,
                  "step": 5,
                },
                "group": "primary",
                "id": "price",
                "label": "Price",
                "queryParamNames": Array [
                  "price",
                ],
                "type": "PriceFilter",
              }
            }
            getHandleChangedValueFn={[Function]}
            idPrefix="SearchFiltersMobile"
            initialValues={[Function]}
            key="SearchFiltersMobile.price"
            liveEdit={true}
            showAsPopup={false}
            urlQueryParams={Object {}}
          />
        </injectIntl(withRouter(SearchFiltersMobileComponent))>
        <MainPanelHeader
          className="mainPanel"
          listingsAreLoaded={true}
          noResultsInfo={null}
          resultsCount={22}
          rootClassName={null}
          searchInProgress={false}
          searchListingsError={null}
          sortByComponent={
            <injectIntl(SortBy)
              className="sortByDesktop"
              contentPlacementOffset={-14}
              hasConflictingFilters={false}
              isConflictingFilterActive={false}
              onSelect={[Function]}
              selectedFilters={Object {}}
              showAsPopup={true}
            />
          }
        />
        <div
          className="listings"
        >
          <SearchResultsPanel
            className="searchListingsPanel"
            isMapVariant={false}
            listings={Array []}
            pagination={
              Object {
                "page": 1,
                "perPage": 12,
                "totalItems": 22,
                "totalPages": 2,
              }
            }
            rootClassName={null}
            search={Object {}}
          />
        </div>
      </div>
    </div>
  </div>
  <injectIntl(Footer) />
</Page>
`;
