// Jest Snapshot v1, https://goo.gl/fbAQLP

exports[`EditListingPhotosForm matches snapshot 1`] = `
<ReactFinalForm
  disabled={false}
  dispatch={[Function]}
  fetchErrors={null}
  imageUploadRequested={false}
  images={Array []}
  initialValues={
    Object {
      "images": Array [],
    }
  }
  intl={
    Object {
      "formatDate": [Function],
      "formatMessage": [Function],
      "formatNumber": [Function],
      "formatPlural": [Function],
      "formatRelativeTime": [Function],
      "formatTime": [Function],
      "now": [Function],
    }
  }
  mutators={
    Object {
      "concat": [Function],
      "insert": [Function],
      "move": [Function],
      "pop": [Function],
      "push": [Function],
      "remove": [Function],
      "removeBatch": [Function],
      "shift": [Function],
      "swap": [Function],
      "unshift": [Function],
      "update": [Function],
    }
  }
  onImageUpload={[Function]}
  onImageUploadHandler={[Function]}
  onRemoveImage={[Function]}
  onSubmit={[Function]}
  ready={false}
  render={[Function]}
  saveActionMsg="Save photos"
  stripeConnected={false}
  updateInProgress={false}
  updated={false}
/>
`;
